warning: in the working copy of 'debug.log', LF will be replaced by CRLF the next time Git touches it
warning: in the working copy of 'output/playwright/test-results/.last-run.json', LF will be replaced by CRLF the next time Git touches it
warning: in the working copy of 'src/app/globals.css', LF will be replaced by CRLF the next time Git touches it
warning: in the working copy of 'src/components/documents/AuthorityRegisterRecord.tsx', LF will be replaced by CRLF the next time Git touches it
warning: in the working copy of 'src/components/experience/CausalReplay/CausalReplayScene.module.css', LF will be replaced by CRLF the next time Git touches it
warning: in the working copy of 'src/components/experience/CausalReplay/CausalReplayScene.tsx', LF will be replaced by CRLF the next time Git touches it
warning: in the working copy of 'src/components/experience/Concurrency/ConcurrencyScene.module.css', LF will be replaced by CRLF the next time Git touches it
warning: in the working copy of 'src/components/experience/Concurrency/ConcurrencyScene.tsx', LF will be replaced by CRLF the next time Git touches it
warning: in the working copy of 'src/components/experience/DebugStageHUD.tsx', LF will be replaced by CRLF the next time Git touches it
warning: in the working copy of 'src/components/experience/Decisions/DecisionsScene.module.css', LF will be replaced by CRLF the next time Git touches it
warning: in the working copy of 'src/components/experience/Decisions/DecisionsScene.tsx', LF will be replaced by CRLF the next time Git touches it
warning: in the working copy of 'src/components/experience/Delegation/DelegationScene.module.css', LF will be replaced by CRLF the next time Git touches it
warning: in the working copy of 'src/components/experience/Delegation/DelegationScene.tsx', LF will be replaced by CRLF the next time Git touches it
warning: in the working copy of 'src/components/experience/KavachExperience.module.css', LF will be replaced by CRLF the next time Git touches it
warning: in the working copy of 'src/components/experience/KavachExperience.tsx', LF will be replaced by CRLF the next time Git touches it
warning: in the working copy of 'src/components/experience/Mandate/MandateScene.module.css', LF will be replaced by CRLF the next time Git touches it
warning: in the working copy of 'src/components/experience/Mandate/MandateScene.tsx', LF will be replaced by CRLF the next time Git touches it
warning: in the working copy of 'src/components/experience/Opening/OpeningScene.module.css', LF will be replaced by CRLF the next time Git touches it
warning: in the working copy of 'src/components/experience/Opening/OpeningScene.tsx', LF will be replaced by CRLF the next time Git touches it
warning: in the working copy of 'src/components/experience/Revocation/RevocationScene.module.css', LF will be replaced by CRLF the next time Git touches it
warning: in the working copy of 'src/components/experience/Revocation/RevocationScene.tsx', LF will be replaced by CRLF the next time Git touches it
warning: in the working copy of 'src/components/experience/SplitDefense/SplitDefenseScene.module.css', LF will be replaced by CRLF the next time Git touches it
warning: in the working copy of 'src/components/experience/SplitDefense/SplitDefenseScene.tsx', LF will be replaced by CRLF the next time Git touches it
warning: in the working copy of 'src/components/experience/StepUp/StepUpScene.module.css', LF will be replaced by CRLF the next time Git touches it
warning: in the working copy of 'src/components/experience/StepUp/StepUpScene.tsx', LF will be replaced by CRLF the next time Git touches it
warning: in the working copy of 'src/components/webgl/CausalReplayRibbon.tsx', LF will be replaced by CRLF the next time Git touches it
warning: in the working copy of 'src/components/webgl/ExperienceCanvas.module.css', LF will be replaced by CRLF the next time Git touches it
warning: in the working copy of 'src/components/webgl/ExperienceCanvas.tsx', LF will be replaced by CRLF the next time Git touches it
warning: in the working copy of 'src/components/webgl/MandatePhysicalStage.tsx', LF will be replaced by CRLF the next time Git touches it
warning: in the working copy of 'src/lib/experience/demo-state.ts', LF will be replaced by CRLF the next time Git touches it
warning: in the working copy of 'src/lib/experience/progress-bus.ts', LF will be replaced by CRLF the next time Git touches it
warning: in the working copy of 'src/lib/experience/store.ts', LF will be replaced by CRLF the next time Git touches it
warning: in the working copy of 'tests/visual/boundary-hardening.spec.ts', LF will be replaced by CRLF the next time Git touches it
warning: in the working copy of 'tests/visual/helpers/ownership.ts', LF will be replaced by CRLF the next time Git touches it
warning: in the working copy of 'tests/visual/helpers/scene-checkpoints.ts', LF will be replaced by CRLF the next time Git touches it
warning: in the working copy of 'tests/visual/pipeline-motion-audit.spec.ts', LF will be replaced by CRLF the next time Git touches it
warning: in the working copy of 'tests/visual/reduced-motion.spec.ts', LF will be replaced by CRLF the next time Git touches it
warning: in the working copy of 'tests/visual/revocation-video.spec.ts', LF will be replaced by CRLF the next time Git touches it
warning: in the working copy of 'tests/visual/scene-ownership.spec.ts', LF will be replaced by CRLF the next time Git touches it
warning: in the working copy of 'tests/visual/stage-a-master-frames.spec.ts', LF will be replaced by CRLF the next time Git touches it
warning: in the working copy of 'tests/visual/stage-a-step-a.spec.ts', LF will be replaced by CRLF the next time Git touches it
warning: in the working copy of 'tests/visual/stage-a-step-c.spec.ts', LF will be replaced by CRLF the next time Git touches it
warning: in the working copy of 'tests/visual/stage-a-video-gate.spec.ts', LF will be replaced by CRLF the next time Git touches it
